// Vitest Snapshot v1, https://vitest.dev/guide/snapshot.html

exports[`Electron and Headless runtime parity > matches read, write, command, plan continuation, prompt, tools, and patch semantics > p0 shared host trajectory 1`] = `
{
  "patchFiles": [
    ".zch/project-model.json",
    "note.txt",
  ],
  "providerRequests": [
    {
      "roles": [
        "system",
        "user",
        "user",
        "user",
        "user",
      ],
      "toolCalls": [],
      "usesBaselineToolCatalog": true,
    },
    {
      "roles": [
        "system",
        "user",
        "user",
        "user",
        "user",
        "assistant",
        "tool",
      ],
      "toolCalls": [
        "read_file",
      ],
      "usesBaselineToolCatalog": true,
    },
    {
      "roles": [
        "system",
        "user",
        "user",
        "user",
        "user",
        "assistant",
        "tool",
        "assistant",
        "tool",
        "user",
      ],
      "toolCalls": [
        "read_file",
        "apply_patch",
      ],
      "usesBaselineToolCatalog": true,
    },
    {
      "roles": [
        "system",
        "user",
        "user",
        "user",
        "user",
        "assistant",
        "tool",
        "assistant",
        "tool",
        "user",
        "assistant",
        "tool",
      ],
      "toolCalls": [
        "read_file",
        "apply_patch",
        "run_command",
      ],
      "usesBaselineToolCatalog": true,
    },
    {
      "roles": [
        "system",
        "user",
        "user",
        "user",
        "user",
        "assistant",
        "tool",
        "assistant",
        "tool",
        "user",
        "assistant",
        "tool",
        "assistant",
        "tool",
      ],
      "toolCalls": [
        "read_file",
        "apply_patch",
        "run_command",
        "plan_set",
      ],
      "usesBaselineToolCatalog": true,
    },
    {
      "roles": [
        "system",
        "user",
        "user",
        "user",
        "user",
        "assistant",
        "tool",
        "assistant",
        "tool",
        "user",
        "assistant",
        "tool",
        "assistant",
        "tool",
        "assistant",
        "user",
        "user",
      ],
      "toolCalls": [
        "read_file",
        "apply_patch",
        "run_command",
        "plan_set",
      ],
      "usesBaselineToolCatalog": true,
    },
    {
      "roles": [
        "system",
        "user",
        "user",
        "user",
        "user",
        "assistant",
        "tool",
        "assistant",
        "tool",
        "user",
        "assistant",
        "tool",
        "assistant",
        "tool",
        "assistant",
        "user",
        "user",
        "assistant",
        "tool",
      ],
      "toolCalls": [
        "read_file",
        "apply_patch",
        "run_command",
        "plan_set",
        "plan_update",
      ],
      "usesBaselineToolCatalog": true,
    },
  ],
  "toolCatalog": [
    "read_file",
    "list_dir",
    "glob",
    "grep",
    "create_file",
    "apply_patch",
    "delete_file",
    "run_command",
    "delay",
    "git_status",
    "git_diff",
    "git_log",
    "git_show",
    "git_add",
    "git_commit",
    "git_restore",
    "fetch",
    "web_search",
    "terminal_open",
    "terminal_send",
    "terminal_read",
    "terminal_list",
    "terminal_close",
    "terminal_resize",
    "read_skill",
    "project_get_modules",
    "project_detect_modules",
    "project_set_modules",
    "project_update_module",
    "code_symbol_overview",
    "code_find_definition",
    "code_find_references",
    "code_workspace_symbols",
    "code_diagnostics",
    "goal_get",
    "goal_complete",
    "goal_block",
    "plan_get",
    "plan_set",
    "plan_status",
    "plan_update",
    "list_mcp_servers",
    "read_mcp_server",
    "call_mcp_tool",
  ],
  "tools": [
    {
      "status": "ok",
      "tool": "read_file",
    },
    {
      "status": "ok",
      "tool": "apply_patch",
    },
    {
      "status": "ok",
      "tool": "run_command",
    },
    {
      "status": "ok",
      "tool": "plan_set",
    },
    {
      "status": "ok",
      "tool": "plan_update",
    },
  ],
  "traceRequests": [
    {
      "promptLayers": [
        "base_instructions",
        "runtime_context",
        "assistant_preferences",
        "runtime_context",
      ],
      "promptResources": [
        "harness.base-instructions.en-US",
        "harness.runtime-context.en-US",
      ],
    },
    {
      "promptLayers": [
        "base_instructions",
        "runtime_context",
        "assistant_preferences",
        "runtime_context",
      ],
      "promptResources": [
        "harness.base-instructions.en-US",
        "harness.runtime-context.en-US",
      ],
    },
    {
      "promptLayers": [
        "base_instructions",
        "runtime_context",
        "assistant_preferences",
        "runtime_context",
        "runtime_context",
      ],
      "promptResources": [
        "harness.base-instructions.en-US",
        "harness.runtime-context.en-US",
      ],
    },
    {
      "promptLayers": [
        "base_instructions",
        "runtime_context",
        "assistant_preferences",
        "runtime_context",
        "runtime_context",
      ],
      "promptResources": [
        "harness.base-instructions.en-US",
        "harness.runtime-context.en-US",
      ],
    },
    {
      "promptLayers": [
        "base_instructions",
        "runtime_context",
        "assistant_preferences",
        "runtime_context",
        "runtime_context",
      ],
      "promptResources": [
        "harness.base-instructions.en-US",
        "harness.runtime-context.en-US",
      ],
    },
    {
      "promptLayers": [
        "base_instructions",
        "runtime_context",
        "assistant_preferences",
        "runtime_context",
        "runtime_context",
        "runtime_context",
      ],
      "promptResources": [
        "harness.base-instructions.en-US",
        "harness.runtime-context.en-US",
      ],
    },
    {
      "promptLayers": [
        "base_instructions",
        "runtime_context",
        "assistant_preferences",
        "runtime_context",
        "runtime_context",
        "runtime_context",
      ],
      "promptResources": [
        "harness.base-instructions.en-US",
        "harness.runtime-context.en-US",
      ],
    },
  ],
}
`;
