// Vitest Snapshot v1, https://vitest.dev/guide/snapshot.html

exports[`Electron and Headless runtime parity > matches read, write, command, plan continuation, prompt, tools, and patch semantics > p0 shared host trajectory 1`] = `
{
  "patchFiles": [
    ".zch/project-model.json",
    "note.txt",
  ],
  "providerRequests": [
    {
      "messageHashes": [
        "2831bc79f73d272bcf580904e19c36c5bb5f5b51528665ccc221744c31c08e9f",
        "<normalized-runtime-context>",
        "81546ebb95b0b0ffbf9d9063f730c2a98b7316eaf69de97a052061f8f1d28ede",
        "<normalized-runtime-context>",
        "3b1595b8782e9cd636c3c516043f55ba4031e8da3e3f03c97e1578751997b4aa",
      ],
      "roles": [
        "system",
        "user",
        "user",
        "user",
        "user",
      ],
      "toolCalls": [],
      "usesBaselineToolCatalog": true,
    },
    {
      "messageHashes": [
        "2831bc79f73d272bcf580904e19c36c5bb5f5b51528665ccc221744c31c08e9f",
        "<normalized-runtime-context>",
        "81546ebb95b0b0ffbf9d9063f730c2a98b7316eaf69de97a052061f8f1d28ede",
        "<normalized-runtime-context>",
        "3b1595b8782e9cd636c3c516043f55ba4031e8da3e3f03c97e1578751997b4aa",
        "f6f9931f50ed2eddfd75e9b90a3d8d41ea258e2808e5b90f095928048646963a",
        "3bb3d8cbbaa84b950a644c16b366a97a70e8930f03b6404790e714c1c511fab4",
      ],
      "roles": [
        "system",
        "user",
        "user",
        "user",
        "user",
        "assistant",
        "tool",
      ],
      "toolCalls": [
        "read_file",
      ],
      "usesBaselineToolCatalog": true,
    },
    {
      "messageHashes": [
        "2831bc79f73d272bcf580904e19c36c5bb5f5b51528665ccc221744c31c08e9f",
        "<normalized-runtime-context>",
        "81546ebb95b0b0ffbf9d9063f730c2a98b7316eaf69de97a052061f8f1d28ede",
        "<normalized-runtime-context>",
        "3b1595b8782e9cd636c3c516043f55ba4031e8da3e3f03c97e1578751997b4aa",
        "f6f9931f50ed2eddfd75e9b90a3d8d41ea258e2808e5b90f095928048646963a",
        "3bb3d8cbbaa84b950a644c16b366a97a70e8930f03b6404790e714c1c511fab4",
        "cd0159a1c6934d8c9ef167f74dd9bd1a5cf0b133057124a3a5fdef09cb085e06",
        "d87ef5f9c55d3818f5060dd6e502fa7f9cb79610e19f4769dd12cc46bf71649c",
        "<normalized-runtime-context>",
      ],
      "roles": [
        "system",
        "user",
        "user",
        "user",
        "user",
        "assistant",
        "tool",
        "assistant",
        "tool",
        "user",
      ],
      "toolCalls": [
        "read_file",
        "apply_patch",
      ],
      "usesBaselineToolCatalog": true,
    },
    {
      "messageHashes": [
        "2831bc79f73d272bcf580904e19c36c5bb5f5b51528665ccc221744c31c08e9f",
        "<normalized-runtime-context>",
        "81546ebb95b0b0ffbf9d9063f730c2a98b7316eaf69de97a052061f8f1d28ede",
        "<normalized-runtime-context>",
        "3b1595b8782e9cd636c3c516043f55ba4031e8da3e3f03c97e1578751997b4aa",
        "f6f9931f50ed2eddfd75e9b90a3d8d41ea258e2808e5b90f095928048646963a",
        "3bb3d8cbbaa84b950a644c16b366a97a70e8930f03b6404790e714c1c511fab4",
        "cd0159a1c6934d8c9ef167f74dd9bd1a5cf0b133057124a3a5fdef09cb085e06",
        "d87ef5f9c55d3818f5060dd6e502fa7f9cb79610e19f4769dd12cc46bf71649c",
        "<normalized-runtime-context>",
        "1663882b5112d1f9dde067a7c2dbad1588466bd648344395c3375ecb96bb83fd",
        "497a98a5a3ca514de8182b2fbdbd860ecbf9023b98eebf3d407d59bc6ef56eb8",
      ],
      "roles": [
        "system",
        "user",
        "user",
        "user",
        "user",
        "assistant",
        "tool",
        "assistant",
        "tool",
        "user",
        "assistant",
        "tool",
      ],
      "toolCalls": [
        "read_file",
        "apply_patch",
        "run_command",
      ],
      "usesBaselineToolCatalog": true,
    },
    {
      "messageHashes": [
        "2831bc79f73d272bcf580904e19c36c5bb5f5b51528665ccc221744c31c08e9f",
        "<normalized-runtime-context>",
        "81546ebb95b0b0ffbf9d9063f730c2a98b7316eaf69de97a052061f8f1d28ede",
        "<normalized-runtime-context>",
        "3b1595b8782e9cd636c3c516043f55ba4031e8da3e3f03c97e1578751997b4aa",
        "f6f9931f50ed2eddfd75e9b90a3d8d41ea258e2808e5b90f095928048646963a",
        "3bb3d8cbbaa84b950a644c16b366a97a70e8930f03b6404790e714c1c511fab4",
        "cd0159a1c6934d8c9ef167f74dd9bd1a5cf0b133057124a3a5fdef09cb085e06",
        "d87ef5f9c55d3818f5060dd6e502fa7f9cb79610e19f4769dd12cc46bf71649c",
        "<normalized-runtime-context>",
        "1663882b5112d1f9dde067a7c2dbad1588466bd648344395c3375ecb96bb83fd",
        "497a98a5a3ca514de8182b2fbdbd860ecbf9023b98eebf3d407d59bc6ef56eb8",
        "52214fa66164aa093372bcac82383c1e2db8ea3e7d135b98a3a354a29dadc129",
        "8d77474ef7bf098273e2e26bff2fa894c819cc0124578e37f335c15e25d29250",
      ],
      "roles": [
        "system",
        "user",
        "user",
        "user",
        "user",
        "assistant",
        "tool",
        "assistant",
        "tool",
        "user",
        "assistant",
        "tool",
        "assistant",
        "tool",
      ],
      "toolCalls": [
        "read_file",
        "apply_patch",
        "run_command",
        "plan_set",
      ],
      "usesBaselineToolCatalog": true,
    },
    {
      "messageHashes": [
        "2831bc79f73d272bcf580904e19c36c5bb5f5b51528665ccc221744c31c08e9f",
        "<normalized-runtime-context>",
        "81546ebb95b0b0ffbf9d9063f730c2a98b7316eaf69de97a052061f8f1d28ede",
        "<normalized-runtime-context>",
        "3b1595b8782e9cd636c3c516043f55ba4031e8da3e3f03c97e1578751997b4aa",
        "f6f9931f50ed2eddfd75e9b90a3d8d41ea258e2808e5b90f095928048646963a",
        "3bb3d8cbbaa84b950a644c16b366a97a70e8930f03b6404790e714c1c511fab4",
        "cd0159a1c6934d8c9ef167f74dd9bd1a5cf0b133057124a3a5fdef09cb085e06",
        "d87ef5f9c55d3818f5060dd6e502fa7f9cb79610e19f4769dd12cc46bf71649c",
        "<normalized-runtime-context>",
        "1663882b5112d1f9dde067a7c2dbad1588466bd648344395c3375ecb96bb83fd",
        "497a98a5a3ca514de8182b2fbdbd860ecbf9023b98eebf3d407d59bc6ef56eb8",
        "52214fa66164aa093372bcac82383c1e2db8ea3e7d135b98a3a354a29dadc129",
        "8d77474ef7bf098273e2e26bff2fa894c819cc0124578e37f335c15e25d29250",
        "914f3d7c3e7116a2eca2dfedbf4434276f169d8761f171a15f5dd22b70efac74",
        "55681e05a5d5ae26e1620abac947ebc3a8fdd735812a1a9c0671b46a6f6f8376",
        "<normalized-runtime-context>",
      ],
      "roles": [
        "system",
        "user",
        "user",
        "user",
        "user",
        "assistant",
        "tool",
        "assistant",
        "tool",
        "user",
        "assistant",
        "tool",
        "assistant",
        "tool",
        "assistant",
        "user",
        "user",
      ],
      "toolCalls": [
        "read_file",
        "apply_patch",
        "run_command",
        "plan_set",
      ],
      "usesBaselineToolCatalog": true,
    },
    {
      "messageHashes": [
        "2831bc79f73d272bcf580904e19c36c5bb5f5b51528665ccc221744c31c08e9f",
        "<normalized-runtime-context>",
        "81546ebb95b0b0ffbf9d9063f730c2a98b7316eaf69de97a052061f8f1d28ede",
        "<normalized-runtime-context>",
        "3b1595b8782e9cd636c3c516043f55ba4031e8da3e3f03c97e1578751997b4aa",
        "f6f9931f50ed2eddfd75e9b90a3d8d41ea258e2808e5b90f095928048646963a",
        "3bb3d8cbbaa84b950a644c16b366a97a70e8930f03b6404790e714c1c511fab4",
        "cd0159a1c6934d8c9ef167f74dd9bd1a5cf0b133057124a3a5fdef09cb085e06",
        "d87ef5f9c55d3818f5060dd6e502fa7f9cb79610e19f4769dd12cc46bf71649c",
        "<normalized-runtime-context>",
        "1663882b5112d1f9dde067a7c2dbad1588466bd648344395c3375ecb96bb83fd",
        "497a98a5a3ca514de8182b2fbdbd860ecbf9023b98eebf3d407d59bc6ef56eb8",
        "52214fa66164aa093372bcac82383c1e2db8ea3e7d135b98a3a354a29dadc129",
        "8d77474ef7bf098273e2e26bff2fa894c819cc0124578e37f335c15e25d29250",
        "914f3d7c3e7116a2eca2dfedbf4434276f169d8761f171a15f5dd22b70efac74",
        "55681e05a5d5ae26e1620abac947ebc3a8fdd735812a1a9c0671b46a6f6f8376",
        "<normalized-runtime-context>",
        "562b0d81514b916fed3ec6ff113679796b19c288af52e43a0594bd2553f5077e",
        "cbadb02cbfc3d64fba8dade9ef816e775c151da90b5f7e1bd7ed93619bbdecf7",
      ],
      "roles": [
        "system",
        "user",
        "user",
        "user",
        "user",
        "assistant",
        "tool",
        "assistant",
        "tool",
        "user",
        "assistant",
        "tool",
        "assistant",
        "tool",
        "assistant",
        "user",
        "user",
        "assistant",
        "tool",
      ],
      "toolCalls": [
        "read_file",
        "apply_patch",
        "run_command",
        "plan_set",
        "plan_update",
      ],
      "usesBaselineToolCatalog": true,
    },
  ],
  "toolCatalog": [
    "read_file",
    "list_dir",
    "glob",
    "grep",
    "create_file",
    "apply_patch",
    "delete_file",
    "run_command",
    "delay",
    "git_status",
    "git_diff",
    "git_log",
    "git_show",
    "git_add",
    "git_commit",
    "git_restore",
    "fetch",
    "web_search",
    "terminal_open",
    "terminal_send",
    "terminal_read",
    "terminal_list",
    "terminal_close",
    "terminal_resize",
    "read_skill",
    "project_get_modules",
    "project_detect_modules",
    "project_set_modules",
    "project_update_module",
    "code_symbol_overview",
    "code_find_definition",
    "code_find_references",
    "code_workspace_symbols",
    "code_diagnostics",
    "goal_get",
    "goal_complete",
    "goal_block",
    "plan_get",
    "plan_set",
    "plan_status",
    "plan_update",
    "list_mcp_servers",
    "read_mcp_server",
    "call_mcp_tool",
  ],
  "tools": [
    {
      "status": "ok",
      "tool": "read_file",
    },
    {
      "status": "ok",
      "tool": "apply_patch",
    },
    {
      "status": "ok",
      "tool": "run_command",
    },
    {
      "status": "ok",
      "tool": "plan_set",
    },
    {
      "status": "ok",
      "tool": "plan_update",
    },
  ],
  "traceRequests": [
    {
      "modelRoute": {
        "adapterId": "openai-compatible.chat-completions",
        "endpoint": "https://provider.invalid/chat/completions",
        "model": "parity-model",
        "providerConfigRevision": 1,
        "providerId": "parity",
        "purpose": "main",
        "reasoning": "off",
        "schemaVersion": 1,
      },
      "promptLayers": [
        {
          "kind": "system_instruction",
          "sha256": "8a089487c79b82e7260e007fd938658f6b81741699493d73a9f75842437568e0",
        },
        {
          "kind": "runtime_context",
          "sha256": "<normalized-runtime-context>",
        },
        {
          "kind": "assistant_preferences",
          "sha256": "799722b4d29e3ce719b1ac87b2978e7a6f7d3288cdf09b9f811047d9bbb5b74f",
        },
        {
          "kind": "runtime_context",
          "sha256": "<normalized-runtime-context>",
        },
      ],
      "promptResources": [
        {
          "id": "harness.base-instructions.en-US",
          "sha256": "8a089487c79b82e7260e007fd938658f6b81741699493d73a9f75842437568e0",
        },
        {
          "id": "harness.runtime-context.en-US",
          "sha256": "41f56b7c194774513da00cb52468129518b37a14c4af4050451c9113085162e7",
        },
      ],
      "promptSourceHash": "28d6aa11e3762202eddbf4d4da05cd90cb29b71f16e3c94c7ff61c8899a48393",
    },
    {
      "modelRoute": {
        "adapterId": "openai-compatible.chat-completions",
        "endpoint": "https://provider.invalid/chat/completions",
        "model": "parity-model",
        "providerConfigRevision": 1,
        "providerId": "parity",
        "purpose": "main",
        "reasoning": "off",
        "schemaVersion": 1,
      },
      "promptLayers": [
        {
          "kind": "system_instruction",
          "sha256": "8a089487c79b82e7260e007fd938658f6b81741699493d73a9f75842437568e0",
        },
        {
          "kind": "runtime_context",
          "sha256": "<normalized-runtime-context>",
        },
        {
          "kind": "assistant_preferences",
          "sha256": "799722b4d29e3ce719b1ac87b2978e7a6f7d3288cdf09b9f811047d9bbb5b74f",
        },
        {
          "kind": "runtime_context",
          "sha256": "<normalized-runtime-context>",
        },
      ],
      "promptResources": [
        {
          "id": "harness.base-instructions.en-US",
          "sha256": "8a089487c79b82e7260e007fd938658f6b81741699493d73a9f75842437568e0",
        },
        {
          "id": "harness.runtime-context.en-US",
          "sha256": "41f56b7c194774513da00cb52468129518b37a14c4af4050451c9113085162e7",
        },
      ],
      "promptSourceHash": "28d6aa11e3762202eddbf4d4da05cd90cb29b71f16e3c94c7ff61c8899a48393",
    },
    {
      "modelRoute": {
        "adapterId": "openai-compatible.chat-completions",
        "endpoint": "https://provider.invalid/chat/completions",
        "model": "parity-model",
        "providerConfigRevision": 1,
        "providerId": "parity",
        "purpose": "main",
        "reasoning": "off",
        "schemaVersion": 1,
      },
      "promptLayers": [
        {
          "kind": "system_instruction",
          "sha256": "8a089487c79b82e7260e007fd938658f6b81741699493d73a9f75842437568e0",
        },
        {
          "kind": "runtime_context",
          "sha256": "<normalized-runtime-context>",
        },
        {
          "kind": "assistant_preferences",
          "sha256": "799722b4d29e3ce719b1ac87b2978e7a6f7d3288cdf09b9f811047d9bbb5b74f",
        },
        {
          "kind": "runtime_context",
          "sha256": "<normalized-runtime-context>",
        },
        {
          "kind": "runtime_context",
          "sha256": "<normalized-runtime-context>",
        },
      ],
      "promptResources": [
        {
          "id": "harness.base-instructions.en-US",
          "sha256": "8a089487c79b82e7260e007fd938658f6b81741699493d73a9f75842437568e0",
        },
        {
          "id": "harness.runtime-context.en-US",
          "sha256": "41f56b7c194774513da00cb52468129518b37a14c4af4050451c9113085162e7",
        },
      ],
      "promptSourceHash": "9e0a1c35a11a03aebcf7927353803e5f82ec85274612522e9e71b846f6d0f500",
    },
    {
      "modelRoute": {
        "adapterId": "openai-compatible.chat-completions",
        "endpoint": "https://provider.invalid/chat/completions",
        "model": "parity-model",
        "providerConfigRevision": 1,
        "providerId": "parity",
        "purpose": "main",
        "reasoning": "off",
        "schemaVersion": 1,
      },
      "promptLayers": [
        {
          "kind": "system_instruction",
          "sha256": "8a089487c79b82e7260e007fd938658f6b81741699493d73a9f75842437568e0",
        },
        {
          "kind": "runtime_context",
          "sha256": "<normalized-runtime-context>",
        },
        {
          "kind": "assistant_preferences",
          "sha256": "799722b4d29e3ce719b1ac87b2978e7a6f7d3288cdf09b9f811047d9bbb5b74f",
        },
        {
          "kind": "runtime_context",
          "sha256": "<normalized-runtime-context>",
        },
        {
          "kind": "runtime_context",
          "sha256": "<normalized-runtime-context>",
        },
      ],
      "promptResources": [
        {
          "id": "harness.base-instructions.en-US",
          "sha256": "8a089487c79b82e7260e007fd938658f6b81741699493d73a9f75842437568e0",
        },
        {
          "id": "harness.runtime-context.en-US",
          "sha256": "41f56b7c194774513da00cb52468129518b37a14c4af4050451c9113085162e7",
        },
      ],
      "promptSourceHash": "9e0a1c35a11a03aebcf7927353803e5f82ec85274612522e9e71b846f6d0f500",
    },
    {
      "modelRoute": {
        "adapterId": "openai-compatible.chat-completions",
        "endpoint": "https://provider.invalid/chat/completions",
        "model": "parity-model",
        "providerConfigRevision": 1,
        "providerId": "parity",
        "purpose": "main",
        "reasoning": "off",
        "schemaVersion": 1,
      },
      "promptLayers": [
        {
          "kind": "system_instruction",
          "sha256": "8a089487c79b82e7260e007fd938658f6b81741699493d73a9f75842437568e0",
        },
        {
          "kind": "runtime_context",
          "sha256": "<normalized-runtime-context>",
        },
        {
          "kind": "assistant_preferences",
          "sha256": "799722b4d29e3ce719b1ac87b2978e7a6f7d3288cdf09b9f811047d9bbb5b74f",
        },
        {
          "kind": "runtime_context",
          "sha256": "<normalized-runtime-context>",
        },
        {
          "kind": "runtime_context",
          "sha256": "<normalized-runtime-context>",
        },
      ],
      "promptResources": [
        {
          "id": "harness.base-instructions.en-US",
          "sha256": "8a089487c79b82e7260e007fd938658f6b81741699493d73a9f75842437568e0",
        },
        {
          "id": "harness.runtime-context.en-US",
          "sha256": "41f56b7c194774513da00cb52468129518b37a14c4af4050451c9113085162e7",
        },
      ],
      "promptSourceHash": "9e0a1c35a11a03aebcf7927353803e5f82ec85274612522e9e71b846f6d0f500",
    },
    {
      "modelRoute": {
        "adapterId": "openai-compatible.chat-completions",
        "endpoint": "https://provider.invalid/chat/completions",
        "model": "parity-model",
        "providerConfigRevision": 1,
        "providerId": "parity",
        "purpose": "main",
        "reasoning": "off",
        "schemaVersion": 1,
      },
      "promptLayers": [
        {
          "kind": "system_instruction",
          "sha256": "8a089487c79b82e7260e007fd938658f6b81741699493d73a9f75842437568e0",
        },
        {
          "kind": "runtime_context",
          "sha256": "<normalized-runtime-context>",
        },
        {
          "kind": "assistant_preferences",
          "sha256": "799722b4d29e3ce719b1ac87b2978e7a6f7d3288cdf09b9f811047d9bbb5b74f",
        },
        {
          "kind": "runtime_context",
          "sha256": "<normalized-runtime-context>",
        },
        {
          "kind": "runtime_context",
          "sha256": "<normalized-runtime-context>",
        },
        {
          "kind": "runtime_context",
          "sha256": "<normalized-runtime-context>",
        },
      ],
      "promptResources": [
        {
          "id": "harness.base-instructions.en-US",
          "sha256": "8a089487c79b82e7260e007fd938658f6b81741699493d73a9f75842437568e0",
        },
        {
          "id": "harness.runtime-context.en-US",
          "sha256": "41f56b7c194774513da00cb52468129518b37a14c4af4050451c9113085162e7",
        },
      ],
      "promptSourceHash": "025cd9c294f186a2e36f625714d08e73da9a9959d4e6b7ea45f7646380de08b0",
    },
    {
      "modelRoute": {
        "adapterId": "openai-compatible.chat-completions",
        "endpoint": "https://provider.invalid/chat/completions",
        "model": "parity-model",
        "providerConfigRevision": 1,
        "providerId": "parity",
        "purpose": "main",
        "reasoning": "off",
        "schemaVersion": 1,
      },
      "promptLayers": [
        {
          "kind": "system_instruction",
          "sha256": "8a089487c79b82e7260e007fd938658f6b81741699493d73a9f75842437568e0",
        },
        {
          "kind": "runtime_context",
          "sha256": "<normalized-runtime-context>",
        },
        {
          "kind": "assistant_preferences",
          "sha256": "799722b4d29e3ce719b1ac87b2978e7a6f7d3288cdf09b9f811047d9bbb5b74f",
        },
        {
          "kind": "runtime_context",
          "sha256": "<normalized-runtime-context>",
        },
        {
          "kind": "runtime_context",
          "sha256": "<normalized-runtime-context>",
        },
        {
          "kind": "runtime_context",
          "sha256": "<normalized-runtime-context>",
        },
      ],
      "promptResources": [
        {
          "id": "harness.base-instructions.en-US",
          "sha256": "8a089487c79b82e7260e007fd938658f6b81741699493d73a9f75842437568e0",
        },
        {
          "id": "harness.runtime-context.en-US",
          "sha256": "41f56b7c194774513da00cb52468129518b37a14c4af4050451c9113085162e7",
        },
      ],
      "promptSourceHash": "025cd9c294f186a2e36f625714d08e73da9a9959d4e6b7ea45f7646380de08b0",
    },
  ],
}
`;
